Parsing CQL dc.title=/dc.language=dk a
@prox 0 0 0 0 k 8 @attr 6=1 @attr 2=3 @attr 4=1 @attr 3=3 @attr 6=1 @attr 5=100 @attr 1=4 "a" @attr 1=54 dk 
