Parsing CQL a prox/ordered b
@prox 0 1 1 2 k 2 @attr 6=1 @attr 2=3 @attr 4=1 @attr 3=3 @attr 6=1 @attr 5=100 @attr 1=1016 "a" @attr 6=1 @attr 2=3 @attr 4=1 @attr 3=3 @attr 6=1 @attr 5=100 @attr 1=1016 "b" 
